Microchip MPLAB XC8 Compiler V2.32

Linker command line:

-W-3 --edf=C:\Program Files\Microchip\xc8\v2.32\pic\dat\en_msgs.txt -cn \
  -h+dist/default/production\ProjetofinalT.X.production.sym \
  --cmf=dist/default/production\ProjetofinalT.X.production.cmf -z -Q18F4520 \
  -oC:\Users\DEUSVI~1\AppData\Local\Temp\xcAs67g.4 --defsym=__MPLAB_BUILD=1 \
  -Mdist/default/production/ProjetofinalT.X.production.map -E1 \
  -ver=XC8 Compiler --acfsm=1493 -ASTACK=0D7h-05FFh -pstack=STACK \
  -ACODE=00h-07FFFh -ACONST=00h-07FFFh -ASMALLCONST=0600h-06FFhx122 \
  -AMEDIUMCONST=0600h-07FFFh -ACOMRAM=01h-07Fh -AABS1=00h-05FFh \
  -ABIGRAM=01h-05FFh -ARAM=080h-0FFh,0100h-01FFhx5 -ABANK0=080h-0FFh \
  -ABANK1=0100h-01FFh -ABANK2=0200h-02FFh -ABANK3=0300h-03FFh \
  -ABANK4=0400h-04FFh -ABANK5=0500h-05FFh -ASFR=0F80h-0FFFh \
  -ACONFIG=0300000h-030000Dh -AIDLOC=0200000h-0200007h \
  -AEEDATA=0F00000h-0F000FFh -peeprom_data=EEDATA \
  -preset_vec=00h,intcode,intcodelo,powerup,init -pramtop=0600h \
  -psmallconst=SMALLCONST -pmediumconst=MEDIUMCONST -pconst=CONST \
  -AFARRAM=00h-00h \
  -prdata=COMRAM,nvrram=COMRAM,nvbit=COMRAM,rbss=COMRAM,rbit=COMRAM \
  -pfarbss=FARRAM,fardata=FARRAM,nvFARRAM=FARRAM \
  -pintsave_regs=BIGRAM,bigbss=BIGRAM,bigdata=BIGRAM -pbss=RAM \
  -pidata=CODE,irdata=CODE,ibigdata=CODE,ifardata=CODE -prparam=COMRAM \
  C:\Users\DEUSVI~1\AppData\Local\Temp\xcAs67g.o \
  dist/default/production\ProjetofinalT.X.production.o 

Object code version is 3.11

Machine type is 18F4520



                Name                               Link     Load   Length Selector   Space Scale
C:\Users\DEUSVI~1\AppData\Local\Temp\xcAs67g.o
                idloc                            200000   200000        8        0       5
                config                           300000   300000        E        0       4
                init                                  0        0        4        0       0
dist/default/production\ProjetofinalT.X.production.o
                idloc                            200000   200000        8        0       5
                config                           300000   300000        E        0       4
                smallconst                          600      600       12      300       0
                text26                             1518     1518       C4      309       0
                text25                             15DC     15DC       B0      309       0
                text24                             1804     1804       64      309       0
                text23                             1B5C     1B5C        8      D65       0
                text22                             1156     1156      17A      309       0
                text21                             1B52     1B52        A      D65       0
                text20                             1B48     1B48        A      D65       0
                text19                             1AE6     1AE6       18      D65       0
                text18                              F08      F08      24E      309       0
                text17                             1A32     1A32       54      309       0
                text16                             1ACA     1ACA       1C      D65       0
                text15                             170E     170E       7E      309       0
                text14                              CBA      CBA      24E      309       0
                text13                             178C     178C       78      309       0
                text12                             1AFE     1AFE       14      D65       0
                text11                             1B32     1B32        C      D65       0
                text10                             1B3E     1B3E        A      D65       0
                text9                              18C8     18C8       60      309       0
                text8                              168C     168C       82      309       0
                text7                              1B22     1B22       10      D65       0
                text6                              1B12     1B12       10      D65       0
                text5                              1928     1928       5C      309       0
                text4                              1420     1420       F8      309       0
                text3                              1984     1984       58      309       0
                text2                              19DC     19DC       56      309       0
                text1                              12D0     12D0      150      309       0
                text0                               612      612      6A8      309       0
                cstackCOMRAM                          1        1       6E        1       1
                dataBANK0                            80       80       43       80       1
                bssBANK0                             C3       C3       14       80       1
                dataCOMRAM                           7B       7B        3        1       1
                bssCOMRAM                            6F       6F        C        1       1
                cinit                              1868     1868       60      309       0
                idataBANK0                         1A86     1A86       43      309       0
                idataCOMRAM                        1B64     1B64        3      D65       0

TOTAL           Name                               Link     Load   Length     Space
        CLASS   STACK          

        CLASS   CODE           
                init                                  0        0        4         0
                text26                             1518     1518       C4         0
                text25                             15DC     15DC       B0         0
                text24                             1804     1804       64         0
                text23                             1B5C     1B5C        8         0
                text22                             1156     1156      17A         0
                text21                             1B52     1B52        A         0
                text20                             1B48     1B48        A         0
                text19                             1AE6     1AE6       18         0
                text18                              F08      F08      24E         0
                text17                             1A32     1A32       54         0
                text16                             1ACA     1ACA       1C         0
                text15                             170E     170E       7E         0
                text14                              CBA      CBA      24E         0
                text13                             178C     178C       78         0
                text12                             1AFE     1AFE       14         0
                text11                             1B32     1B32        C         0
                text10                             1B3E     1B3E        A         0
                text9                              18C8     18C8       60         0
                text8                              168C     168C       82         0
                text7                              1B22     1B22       10         0
                text6                              1B12     1B12       10         0
                text5                              1928     1928       5C         0
                text4                              1420     1420       F8         0
                text3                              1984     1984       58         0
                text2                              19DC     19DC       56         0
                text1                              12D0     12D0      150         0
                text0                               612      612      6A8         0
                cinit                              1868     1868       60         0
                idataBANK0                         1A86     1A86       43         0
                idataCOMRAM                        1B64     1B64        3         0

        CLASS   CONST          

        CLASS   SMALLCONST     
                smallconst                          600      600       12         0

        CLASS   MEDIUMCONST    

        CLASS   COMRAM         
                cstackCOMRAM                          1        1       6E         1
                dataCOMRAM                           7B       7B        3         1
                bssCOMRAM                            6F       6F        C         1

        CLASS   ABS1           

        CLASS   BIGRAM         

        CLASS   RAM            

        CLASS   BANK0          
                dataBANK0                            80       80       43         1
                bssBANK0                             C3       C3       14         1

        CLASS   BANK1          

        CLASS   BANK2          

        CLASS   BANK3          

        CLASS   BANK4          

        CLASS   BANK5          

        CLASS   SFR            

        CLASS   CONFIG         
                config                           300000   300000        E         4

        CLASS   IDLOC          
                idloc                            200000   200000        8         5

        CLASS   EEDATA         

        CLASS   FARRAM         



SEGMENTS        Name                           Load    Length   Top    Selector   Space  Class

                reset_vec                      000000  000004  000004         0       0  CODE    
                cstackCOMRAM                   000001  00007D  00007E         1       1  COMRAM  
                dataBANK0                      000080  000057  0000D7        80       1  BANK0   
                smallconst                     000600  000012  000612       300       0  SMALLCON
                text0                          000612  0014B7  001AC9       309       0  CODE    
                text16                         001ACA  00009D  001B67       D65       0  CODE    


UNUSED ADDRESS RANGES

        Name                Unused          Largest block    Delta
        BANK0            0000D7-0000FF               29
        BANK1            000100-0001FF              100
        BANK2            000200-0002FF              100
        BANK3            000300-0003FF              100
        BANK4            000400-0004FF              100
        BANK5            000500-0005FF              100
        BIGRAM           00007E-00007F                2
                         0000D7-0005FF              529
        CODE             000004-0005FF              5FC
                         001AC9-001AC9                1
                         001B67-007FFF             6499
        COMRAM           00007E-00007F                2
        CONST            000004-0005FF              5FC
                         001AC9-001AC9                1
                         001B67-007FFF             6499
        EEDATA           F00000-F000FF              100
        MEDIUMCONST      001AC9-001AC9                1
                         001B67-007FFF             6499
        RAM              0000D7-0005FF              100
        SFR              000F80-000FFF               80
        SMALLCONST       001AC9-001AC9                1
                         001B67-007FFF              100
        STACK            0000D7-0005FF              529

                                  Symbol Table

?___awdiv                cstackCOMRAM 000001
?___awmod                cstackCOMRAM 000009
?_kpRead                 cstackCOMRAM 000001
Delay2ms@i               cstackCOMRAM 000002
Delay40us@i              cstackCOMRAM 000001
_Delay2ms                text16       001ACA
_Delay40us               text19       001AE6
_PIR1bits                (abs)        000F9E
_PORTA                   (abs)        000F80
_PORTB                   (abs)        000F81
_PORTC                   (abs)        000F82
_PORTCbits               (abs)        000F82
_PORTD                   (abs)        000F83
_PORTE                   (abs)        000F84
_RCREG                   (abs)        000FAE
_RCSTAbits               (abs)        000FAB
_SPBRG                   (abs)        000FAF
_TRISA                   (abs)        000F92
_TRISB                   (abs)        000F93
_TRISC                   (abs)        000F94
_TRISCbits               (abs)        000F94
_TRISD                   (abs)        000F95
_TRISE                   (abs)        000F96
_TXREG                   (abs)        000FAD
_TXSTAbits               (abs)        000FAC
__HRAM                   (abs)        000000
__Habs1                  abs1         000000
__Hbank0                 bank0        000000
__Hbank1                 bank1        000000
__Hbank2                 bank2        000000
__Hbank3                 bank3        000000
__Hbank4                 bank4        000000
__Hbank5                 bank5        000000
__Hbigbss                bigbss       000000
__Hbigdata               bigdata      000000
__Hbigram                bigram       000000
__Hbss                   bss          000000
__HbssBANK0              bssBANK0     000000
__HbssCOMRAM             bssCOMRAM    000000
__Hcinit                 cinit        000000
__Hclrtext               clrtext      000000
__Hcomram                comram       000000
__Hconfig                config       30000E
__Hconst                 const        000000
__HcstackCOMRAM          cstackCOMRAM 000000
__Hdata                  data         000000
__HdataBANK0             dataBANK0    000000
__HdataCOMRAM            dataCOMRAM   000000
__Heeprom_data           eeprom_data  000000
__Hfarbss                farbss       000000
__Hfardata               fardata      000000
__Hibigdata              ibigdata     000000
__Hidata                 idata        000000
__HidataBANK0            idataBANK0   000000
__HidataCOMRAM           idataCOMRAM  000000
__Hidloc                 idloc        200008
__Hifardata              ifardata     000000
__Hinit                  init         000004
__Hintcode               intcode      000000
__Hintcode_body          intcode_body 000000
__Hintcodelo             intcodelo    000000
__Hintentry              intentry     000000
__Hintret                intret       000000
__Hintsave_regs          intsave_regs 000000
__Hirdata                irdata       000000
__Hmediumconst           mediumconst  000000
__HnvFARRAM              nvFARRAM     000000
__Hnvbit                 nvbit        000000
__Hnvrram                nvrram       000000
__Hparam                 rparam       000000
__Hpowerup               powerup      000000
__Hram                   ram          000000
__Hramtop                ramtop       000600
__Hrbit                  rbit         000000
__Hrbss                  rbss         000000
__Hrdata                 rdata        000000
__Hreset_vec             reset_vec    000000
__Hrparam                rparam       000000
__Hsfr                   sfr          000000
__Hsmallconst            smallconst   000612
__Hspace_0               (abs)        001B67
__Hspace_1               (abs)        0000D7
__Hspace_2               (abs)        000000
__Hspace_4               (abs)        60000E
__Hstack                 stack        000000
__Hstruct                struct       000000
__Htemp                  temp         000000
__Htext                  text         000000
__Htext0                 text0        000000
__Htext1                 text1        000000
__Htext10                text10       000000
__Htext11                text11       000000
__Htext12                text12       000000
__Htext13                text13       000000
__Htext14                text14       000000
__Htext15                text15       000000
__Htext16                text16       000000
__Htext17                text17       000000
__Htext18                text18       000000
__Htext19                text19       000000
__Htext2                 text2        000000
__Htext20                text20       000000
__Htext21                text21       000000
__Htext22                text22       000000
__Htext23                text23       000000
__Htext24                text24       000000
__Htext25                text25       000000
__Htext26                text26       000000
__Htext3                 text3        000000
__Htext4                 text4        000000
__Htext5                 text5        000000
__Htext6                 text6        000000
__Htext7                 text7        000000
__Htext8                 text8        000000
__Htext9                 text9        000000
__LRAM                   (abs)        000001
__Labs1                  abs1         000000
__Lbank0                 bank0        000000
__Lbank1                 bank1        000000
__Lbank2                 bank2        000000
__Lbank3                 bank3        000000
__Lbank4                 bank4        000000
__Lbank5                 bank5        000000
__Lbigbss                bigbss       000000
__Lbigdata               bigdata      000000
__Lbigram                bigram       000000
__Lbss                   bss          000000
__LbssBANK0              bssBANK0     000000
__LbssCOMRAM             bssCOMRAM    000000
__Lcinit                 cinit        000000
__Lclrtext               clrtext      000000
__Lcomram                comram       000000
__Lconfig                config       000000
__Lconst                 const        000000
__LcstackCOMRAM          cstackCOMRAM 000000
__Ldata                  data         000000
__LdataBANK0             dataBANK0    000000
__LdataCOMRAM            dataCOMRAM   000000
__Leeprom_data           eeprom_data  000000
__Lfarbss                farbss       000000
__Lfardata               fardata      000000
__Libigdata              ibigdata     000000
__Lidata                 idata        000000
__LidataBANK0            idataBANK0   000000
__LidataCOMRAM           idataCOMRAM  000000
__Lidloc                 idloc        000000
__Lifardata              ifardata     000000
__Linit                  init         000000
__Lintcode               intcode      000000
__Lintcode_body          intcode_body 000000
__Lintcodelo             intcodelo    000000
__Lintentry              intentry     000000
__Lintret                intret       000000
__Lintsave_regs          intsave_regs 000000
__Lirdata                irdata       000000
__Lmediumconst           mediumconst  000000
__LnvFARRAM              nvFARRAM     000000
__Lnvbit                 nvbit        000000
__Lnvrram                nvrram       000000
__Lparam                 rparam       000000
__Lpowerup               powerup      000000
__Lram                   ram          000000
__Lramtop                ramtop       000600
__Lrbit                  rbit         000000
__Lrbss                  rbss         000000
__Lrdata                 rdata        000000
__Lreset_vec             reset_vec    000000
__Lrparam                rparam       000000
__Lsfr                   sfr          000000
__Lsmallconst            smallconst   000600
__Lspace_0               (abs)        000000
__Lspace_1               (abs)        000000
__Lspace_2               (abs)        000000
__Lspace_4               (abs)        000000
__Lstack                 stack        000000
__Lstruct                struct       000000
__Ltemp                  temp         000000
__Ltext                  text         000000
__Ltext0                 text0        000000
__Ltext1                 text1        000000
__Ltext10                text10       000000
__Ltext11                text11       000000
__Ltext12                text12       000000
__Ltext13                text13       000000
__Ltext14                text14       000000
__Ltext15                text15       000000
__Ltext16                text16       000000
__Ltext17                text17       000000
__Ltext18                text18       000000
__Ltext19                text19       000000
__Ltext2                 text2        000000
__Ltext20                text20       000000
__Ltext21                text21       000000
__Ltext22                text22       000000
__Ltext23                text23       000000
__Ltext24                text24       000000
__Ltext25                text25       000000
__Ltext26                text26       000000
__Ltext3                 text3        000000
__Ltext4                 text4        000000
__Ltext5                 text5        000000
__Ltext6                 text6        000000
__Ltext7                 text7        000000
__Ltext8                 text8        000000
__Ltext9                 text9        000000
__S0                     (abs)        001B67
__S1                     (abs)        0000D7
__S2                     (abs)        000000
__S4                     (abs)        000000
__S5                     (abs)        000000
___awdiv                 text26       001518
___awdiv@counter         cstackCOMRAM 000005
___awdiv@dividend        cstackCOMRAM 000001
___awdiv@divisor         cstackCOMRAM 000003
___awdiv@quotient        cstackCOMRAM 000007
___awdiv@sign            cstackCOMRAM 000006
___awmod                 text25       0015DC
___awmod@counter         cstackCOMRAM 00000D
___awmod@dividend        cstackCOMRAM 000009
___awmod@divisor         cstackCOMRAM 00000B
___awmod@sign            cstackCOMRAM 00000E
___inthi_sp              stack        000000
___intlo_sp              stack        000000
___param_bank            (abs)        000000
___rparam_used           (abs)        000001
___sp                    stack        000000
__accesstop              (abs)        000080
__activetblptr           (abs)        000002
__end_of_Delay2ms        text16       001AE6
__end_of_Delay40us       text19       001AFE
__end_of___awdiv         text26       0015DC
__end_of___awmod         text25       00168C
__end_of__initialization cinit        0018BE
__end_of_atraso_ms       text24       001868
__end_of_delay           text9        001928
__end_of_digitalWrite    text18       001156
__end_of_getd            text11       001B3E
__end_of_getu            text10       001B48
__end_of_i2c_init        text23       001B64
__end_of_i2c_rb          text8        00170E
__end_of_i2c_start       text7        001B32
__end_of_i2c_stop        text6        001B22
__end_of_i2c_wb          text5        001984
__end_of_kpDebounce      text22       0012D0
__end_of_kpInit          text21       001B5C
__end_of_kpRead          text20       001B52
__end_of_lcdCommand      text15       00178C
__end_of_lcdData         text17       001A86
__end_of_lcdInit         text13       001804
__end_of_main            text0        000CBA
__end_of_pinMode         text14       000F08
__end_of_pwmInit         text12       001B12
__end_of_rtc_r           text4        001518
__end_of_ssdDigit        text3        0019DC
__end_of_ssdInit         text2        001A32
__end_of_ssdUpdate       text1        001420
__end_of_valor           smallconst   000611
__initialization         cinit        001868
__mediumconst            mediumconst  000000
__pbssBANK0              bssBANK0     0000C3
__pbssCOMRAM             bssCOMRAM    00006F
__pcinit                 cinit        001868
__pcstackCOMRAM          cstackCOMRAM 000001
__pdataBANK0             dataBANK0    000080
__pdataCOMRAM            dataCOMRAM   00007B
__pidataBANK0            idataBANK0   001A86
__pidataCOMRAM           idataCOMRAM  001B64
__psmallconst            smallconst   000600
__ptext0                 text0        000612
__ptext1                 text1        0012D0
__ptext10                text10       001B3E
__ptext11                text11       001B32
__ptext12                text12       001AFE
__ptext13                text13       00178C
__ptext14                text14       000CBA
__ptext15                text15       00170E
__ptext16                text16       001ACA
__ptext17                text17       001A32
__ptext18                text18       000F08
__ptext19                text19       001AE6
__ptext2                 text2        0019DC
__ptext20                text20       001B48
__ptext21                text21       001B52
__ptext22                text22       001156
__ptext23                text23       001B5C
__ptext24                text24       001804
__ptext25                text25       0015DC
__ptext26                text26       001518
__ptext3                 text3        001984
__ptext4                 text4        001420
__ptext5                 text5        001928
__ptext6                 text6        001B12
__ptext7                 text7        001B22
__ptext8                 text8        00168C
__ptext9                 text9        0018C8
__ramtop                 ramtop       000600
__size_of_Delay2ms       (abs)        000000
__size_of_Delay40us      (abs)        000000
__size_of___awdiv        (abs)        000000
__size_of___awmod        (abs)        000000
__size_of_atraso_ms      (abs)        000000
__size_of_delay          (abs)        000000
__size_of_digitalWrite   (abs)        000000
__size_of_getd           (abs)        000000
__size_of_getu           (abs)        000000
__size_of_i2c_init       (abs)        000000
__size_of_i2c_rb         (abs)        000000
__size_of_i2c_start      (abs)        000000
__size_of_i2c_stop       (abs)        000000
__size_of_i2c_wb         (abs)        000000
__size_of_kpDebounce     (abs)        000000
__size_of_kpInit         (abs)        000000
__size_of_kpRead         (abs)        000000
__size_of_lcdCommand     (abs)        000000
__size_of_lcdData        (abs)        000000
__size_of_lcdInit        (abs)        000000
__size_of_main           (abs)        000000
__size_of_pinMode        (abs)        000000
__size_of_pwmInit        (abs)        000000
__size_of_rtc_r          (abs)        000000
__size_of_ssdDigit       (abs)        000000
__size_of_ssdInit        (abs)        000000
__size_of_ssdUpdate      (abs)        000000
__smallconst             smallconst   000600
_atraso_ms               text24       001804
_date                    bssBANK0     0000CD
_delay                   text9        0018C8
_digitalWrite            text18       000F08
_display                 bssCOMRAM    00007A
_getd                    text11       001B32
_getu                    text10       001B3E
_i2c_init                text23       001B5C
_i2c_rb                  text8        00168C
_i2c_start               text7        001B22
_i2c_stop                text6        001B12
_i2c_wb                  text5        001928
_kpDebounce              text22       001156
_kpInit                  text21       001B52
_kpRead                  text20       001B48
_lcdCommand              text15       00170E
_lcdData                 text17       001A32
_lcdInit                 text13       00178C
_main                    text0        000612
_pinMode                 text14       000CBA
_pwmInit                 text12       001AFE
_rtc_r                   text4        001420
_ssdDigit                text3        001984
_ssdInit                 text2        0019DC
_ssdUpdate               text1        0012D0
_time                    bssBANK0     0000C3
_v0                      bssCOMRAM    000079
_v1                      bssCOMRAM    000078
_v2                      bssCOMRAM    000077
_v3                      bssCOMRAM    000076
_valor                   smallconst   000601
_valor@keypad$F112       bssCOMRAM    000073
atraso_ms@i              cstackCOMRAM 000003
atraso_ms@j              cstackCOMRAM 000005
atraso_ms@k              cstackCOMRAM 000006
atraso_ms@valor          cstackCOMRAM 000001
delay@i                  cstackCOMRAM 000001
delay@j                  cstackCOMRAM 000003
delay@k                  cstackCOMRAM 000004
digitalWrite@pin         cstackCOMRAM 000001
digitalWrite@value       cstackCOMRAM 000003
end_of_initialization    cinit        0018BE
getd@nn                  cstackCOMRAM 000001
getu@nn                  cstackCOMRAM 000001
i2c_rb@ack               cstackCOMRAM 000007
i2c_rb@i                 cstackCOMRAM 000009
i2c_rb@ret               cstackCOMRAM 000008
i2c_wb@i                 cstackCOMRAM 000008
i2c_wb@val               cstackCOMRAM 000007
intlevel0                text         000000
intlevel1                text         000000
intlevel2                text         000000
intlevel3                text         000000
isa$std                  (abs)        000001
isa$xinst                (abs)        000000
kpDebounce@i             cstackCOMRAM 00000A
kpDebounce@j             cstackCOMRAM 000009
kpDebounce@k             cstackCOMRAM 000007
kpDebounce@old_D         cstackCOMRAM 000006
kpDebounce@tempo         bssCOMRAM    000075
kpDebounce@valorAntigo   bssCOMRAM    00006F
kpDebounce@valorNovo     bssCOMRAM    000071
lcdCommand@cmd           cstackCOMRAM 000008
lcdCommand@old_D         cstackCOMRAM 000007
lcdData@old_D            cstackCOMRAM 000008
lcdData@valor            cstackCOMRAM 000007
main@F2668               dataBANK0    000098
main@F2670               dataBANK0    0000A7
main@F2672               dataCOMRAM   00007B
main@F2674               dataBANK0    0000BB
main@F2676               dataBANK0    000080
main@F2678               dataBANK0    0000B3
main@batimento           cstackCOMRAM 000054
main@batimentos          cstackCOMRAM 000066
main@con                 cstackCOMRAM 000064
main@cont                cstackCOMRAM 000062
main@conte               cstackCOMRAM 00005B
main@contp               cstackCOMRAM 000057
main@i                   cstackCOMRAM 00006B
main@j                   cstackCOMRAM 00006D
main@k                   cstackCOMRAM 000059
main@msg                 cstackCOMRAM 000027
main@msg1                cstackCOMRAM 000036
main@msg2                cstackCOMRAM 000042
main@msg3                cstackCOMRAM 00000F
main@msg4                cstackCOMRAM 00004A
main@o                   cstackCOMRAM 000052
main@passo               cstackCOMRAM 000067
main@tecla               cstackCOMRAM 000069
main@tempo               cstackCOMRAM 00005D
main@x                   cstackCOMRAM 00005E
main@y                   cstackCOMRAM 000060
pinMode@pin              cstackCOMRAM 000001
pinMode@type             cstackCOMRAM 000003
rtc_r@tmp                cstackCOMRAM 00000A
ssdDigit@pos             cstackCOMRAM 000001
ssdDigit@val             cstackCOMRAM 000002
stackhi                  (abs)        0005FF
stacklo                  (abs)        0000D7
start                    init         000000
start_initialization     cinit        001868


MODULE INFORMATION

Module		Function		Class		Link	Load	Size
ssd.c
		_ssdInit       		CODE           	19DC	0000	86
		_ssdDigit      		CODE           	1984	0000	88
		_ssdUpdate     		CODE           	12D0	0000	336

ssd.c estimated size: 510

C:\Program Files\Microchip\xc8\v2.32\pic\sources\c99\common\awdiv.c
		___awdiv       		CODE           	1518	0000	196

C:\Program Files\Microchip\xc8\v2.32\pic\sources\c99\common\awdiv.c estimated size: 196

rtc_r.c
		_getu          		CODE           	1B3E	0000	10
		_rtc_r         		CODE           	1420	0000	248
		_getd          		CODE           	1B32	0000	12

rtc_r.c estimated size: 270

C:/Users/Deus Vinicius/Desktop/libs_PICSimLab_PIC18F4520/io.c
		_digitalWrite  		CODE           	0F08	0000	590
		_pinMode       		CODE           	0CBA	0000	590

C:/Users/Deus Vinicius/Desktop/libs_PICSimLab_PIC18F4520/io.c estimated size: 1180

C:/Users/Deus Vinicius/Desktop/libs_PICSimLab_PIC18F4520/keypad.c
		_kpInit        		CODE           	1B52	0000	10
		_kpDebounce    		CODE           	1156	0000	378
		_kpRead        		CODE           	1B48	0000	10

C:/Users/Deus Vinicius/Desktop/libs_PICSimLab_PIC18F4520/keypad.c estimated size: 398

i2c.c
		_i2c_rb        		CODE           	168C	0000	130
		_delay         		CODE           	18C8	0000	96
		_i2c_start     		CODE           	1B22	0000	16
		_i2c_stop      		CODE           	1B12	0000	16
		_i2c_init      		CODE           	1B5C	0000	8
		_i2c_wb        		CODE           	1928	0000	92

i2c.c estimated size: 358

pwm.c
		_pwmInit       		CODE           	1AFE	0000	20

pwm.c estimated size: 20

atraso.c
		_atraso_ms     		CODE           	1804	0000	100

atraso.c estimated size: 100

C:/Users/Deus Vinicius/Desktop/libs_PICSimLab_PIC18F4520/lcd.c
		_lcdCommand    		CODE           	170E	0000	126
		_Delay40us     		CODE           	1AE6	0000	24
		_lcdInit       		CODE           	178C	0000	120
		_lcdData       		CODE           	1A32	0000	84
		_Delay2ms      		CODE           	1ACA	0000	28

C:/Users/Deus Vinicius/Desktop/libs_PICSimLab_PIC18F4520/lcd.c estimated size: 382

shared
		_valor         		SMALLCONST     	0601	0000	16
		__initialization		CODE           	1868	0000	86

shared estimated size: 102

C:\Program Files\Microchip\xc8\v2.32\pic\sources\c99\common\awmod.c
		___awmod       		CODE           	15DC	0000	176

C:\Program Files\Microchip\xc8\v2.32\pic\sources\c99\common\awmod.c estimated size: 176

main.c
		_main          		CODE           	0612	0000	1704

main.c estimated size: 1704

